Archive member included to satisfy reference by file (symbol)

D:/f/arm-gnu-toolchain-13.3.rel1-mingw-w64-i686-arm-none-eabi/arm-gnu-toolchain-13.3.rel1-mingw-w64-i686-arm-none-eabi/bin/../lib/gcc/arm-none-eabi/13.3.1/thumb/v7e-m+fp/hard\libgcc.a(_aeabi_uldivmod.o)
                              cmake/stm32cubemx/CMakeFiles/STM32_Drivers.dir/__/__/Drivers/STM32F4xx_HAL_Driver/Src/stm32f4xx_hal_rcc.c.obj (__aeabi_uldivmod)
D:/f/arm-gnu-toolchain-13.3.rel1-mingw-w64-i686-arm-none-eabi/arm-gnu-toolchain-13.3.rel1-mingw-w64-i686-arm-none-eabi/bin/../lib/gcc/arm-none-eabi/13.3.1/thumb/v7e-m+fp/hard\libgcc.a(_udivmoddi4.o)
                              D:/f/arm-gnu-toolchain-13.3.rel1-mingw-w64-i686-arm-none-eabi/arm-gnu-toolchain-13.3.rel1-mingw-w64-i686-arm-none-eabi/bin/../lib/gcc/arm-none-eabi/13.3.1/thumb/v7e-m+fp/hard\libgcc.a(_aeabi_uldivmod.o) (__udivmoddi4)
D:/f/arm-gnu-toolchain-13.3.rel1-mingw-w64-i686-arm-none-eabi/arm-gnu-toolchain-13.3.rel1-mingw-w64-i686-arm-none-eabi/bin/../lib/gcc/arm-none-eabi/13.3.1/thumb/v7e-m+fp/hard\libgcc.a(_dvmd_tls.o)
                              D:/f/arm-gnu-toolchain-13.3.rel1-mingw-w64-i686-arm-none-eabi/arm-gnu-toolchain-13.3.rel1-mingw-w64-i686-arm-none-eabi/bin/../lib/gcc/arm-none-eabi/13.3.1/thumb/v7e-m+fp/hard\libgcc.a(_aeabi_uldivmod.o) (__aeabi_ldiv0)
D:/f/arm-gnu-toolchain-13.3.rel1-mingw-w64-i686-arm-none-eabi/arm-gnu-toolchain-13.3.rel1-mingw-w64-i686-arm-none-eabi/bin/../lib/gcc/arm-none-eabi/13.3.1/thumb/v7e-m+fp/hard\libg_nano.a(libc_a-exit.o)
                              D:/f/arm-gnu-toolchain-13.3.rel1-mingw-w64-i686-arm-none-eabi/arm-gnu-toolchain-13.3.rel1-mingw-w64-i686-arm-none-eabi/bin/../lib/gcc/arm-none-eabi/13.3.1/thumb/v7e-m+fp/hard/crt0.o (exit)
D:/f/arm-gnu-toolchain-13.3.rel1-mingw-w64-i686-arm-none-eabi/arm-gnu-toolchain-13.3.rel1-mingw-w64-i686-arm-none-eabi/bin/../lib/gcc/arm-none-eabi/13.3.1/thumb/v7e-m+fp/hard\libg_nano.a(libc_a-findfp.o)
                              D:/f/arm-gnu-toolchain-13.3.rel1-mingw-w64-i686-arm-none-eabi/arm-gnu-toolchain-13.3.rel1-mingw-w64-i686-arm-none-eabi/bin/../lib/gcc/arm-none-eabi/13.3.1/thumb/v7e-m+fp/hard\libg_nano.a(libc_a-exit.o) (__stdio_exit_handler)
D:/f/arm-gnu-toolchain-13.3.rel1-mingw-w64-i686-arm-none-eabi/arm-gnu-toolchain-13.3.rel1-mingw-w64-i686-arm-none-eabi/bin/../lib/gcc/arm-none-eabi/13.3.1/thumb/v7e-m+fp/hard\libg_nano.a(libc_a-fwalk.o)
                              D:/f/arm-gnu-toolchain-13.3.rel1-mingw-w64-i686-arm-none-eabi/arm-gnu-toolchain-13.3.rel1-mingw-w64-i686-arm-none-eabi/bin/../lib/gcc/arm-none-eabi/13.3.1/thumb/v7e-m+fp/hard\libg_nano.a(libc_a-findfp.o) (_fwalk_sglue)
D:/f/arm-gnu-toolchain-13.3.rel1-mingw-w64-i686-arm-none-eabi/arm-gnu-toolchain-13.3.rel1-mingw-w64-i686-arm-none-eabi/bin/../lib/gcc/arm-none-eabi/13.3.1/thumb/v7e-m+fp/hard\libg_nano.a(libc_a-stdio.o)
                              D:/f/arm-gnu-toolchain-13.3.rel1-mingw-w64-i686-arm-none-eabi/arm-gnu-toolchain-13.3.rel1-mingw-w64-i686-arm-none-eabi/bin/../lib/gcc/arm-none-eabi/13.3.1/thumb/v7e-m+fp/hard\libg_nano.a(libc_a-findfp.o) (__sread)
D:/f/arm-gnu-toolchain-13.3.rel1-mingw-w64-i686-arm-none-eabi/arm-gnu-toolchain-13.3.rel1-mingw-w64-i686-arm-none-eabi/bin/../lib/gcc/arm-none-eabi/13.3.1/thumb/v7e-m+fp/hard\libg_nano.a(libc_a-memset.o)
                              D:/f/arm-gnu-toolchain-13.3.rel1-mingw-w64-i686-arm-none-eabi/arm-gnu-toolchain-13.3.rel1-mingw-w64-i686-arm-none-eabi/bin/../lib/gcc/arm-none-eabi/13.3.1/thumb/v7e-m+fp/hard/crt0.o (memset)
D:/f/arm-gnu-toolchain-13.3.rel1-mingw-w64-i686-arm-none-eabi/arm-gnu-toolchain-13.3.rel1-mingw-w64-i686-arm-none-eabi/bin/../lib/gcc/arm-none-eabi/13.3.1/thumb/v7e-m+fp/hard\libg_nano.a(libc_a-closer.o)
                              D:/f/arm-gnu-toolchain-13.3.rel1-mingw-w64-i686-arm-none-eabi/arm-gnu-toolchain-13.3.rel1-mingw-w64-i686-arm-none-eabi/bin/../lib/gcc/arm-none-eabi/13.3.1/thumb/v7e-m+fp/hard\libg_nano.a(libc_a-stdio.o) (_close_r)
D:/f/arm-gnu-toolchain-13.3.rel1-mingw-w64-i686-arm-none-eabi/arm-gnu-toolchain-13.3.rel1-mingw-w64-i686-arm-none-eabi/bin/../lib/gcc/arm-none-eabi/13.3.1/thumb/v7e-m+fp/hard\libg_nano.a(libc_a-reent.o)
                              D:/f/arm-gnu-toolchain-13.3.rel1-mingw-w64-i686-arm-none-eabi/arm-gnu-toolchain-13.3.rel1-mingw-w64-i686-arm-none-eabi/bin/../lib/gcc/arm-none-eabi/13.3.1/thumb/v7e-m+fp/hard\libg_nano.a(libc_a-closer.o) (errno)
D:/f/arm-gnu-toolchain-13.3.rel1-mingw-w64-i686-arm-none-eabi/arm-gnu-toolchain-13.3.rel1-mingw-w64-i686-arm-none-eabi/bin/../lib/gcc/arm-none-eabi/13.3.1/thumb/v7e-m+fp/hard\libg_nano.a(libc_a-impure.o)
                              D:/f/arm-gnu-toolchain-13.3.rel1-mingw-w64-i686-arm-none-eabi/arm-gnu-toolchain-13.3.rel1-mingw-w64-i686-arm-none-eabi/bin/../lib/gcc/arm-none-eabi/13.3.1/thumb/v7e-m+fp/hard\libg_nano.a(libc_a-reent.o) (_impure_ptr)
[...]
Memory Configuration

Name             Origin             Length             Attributes
RAM              0x20000000         0x00020000         xrw
CCMRAM           0x10000000         0x00010000         xrw
FLASH            0x08000000         0x00100000         xr
*default*        0x00000000         0xffffffff

Linker script and memory map

LOAD D:/f/arm-gnu-toolchain-13.3.rel1-mingw-w64-i686-arm-none-eabi/arm-gnu-toolchain-13.3.rel1-mingw-w64-i686-arm-none-eabi/bin/../lib/gcc/arm-none-eabi/13.3.1/thumb/v7e-m+fp/hard/crti.o
LOAD D:/f/arm-gnu-toolchain-13.3.rel1-mingw-w64-i686-arm-none-eabi/arm-gnu-toolchain-13.3.rel1-mingw-w64-i686-arm-none-eabi/bin/../lib/gcc/arm-none-eabi/13.3.1/thumb/v7e-m+fp/hard/crtbegin.o
LOAD D:/f/arm-gnu-toolchain-13.3.rel1-mingw-w64-i686-arm-none-eabi/arm-gnu-toolchain-13.3.rel1-mingw-w64-i686-arm-none-eabi/bin/../lib/gcc/arm-none-eabi/13.3.1/thumb/v7e-m+fp/hard/crt0.o
LOAD cmake/stm32cubemx/CMakeFiles/STM32_Drivers.dir/__/__/Core/Src/system_stm32f4xx.c.obj
LOAD cmake/stm32cubemx/CMakeFiles/STM32_Drivers.dir/__/__/Drivers/STM32F4xx_HAL_Driver/Src/stm32f4xx_hal_rcc.c.obj
LOAD cmake/stm32cubemx/CMakeFiles/STM32_Drivers.dir/__/__/Drivers/STM32F4xx_HAL_Driver/Src/stm32f4xx_hal_rcc_ex.c.obj
LOAD cmake/stm32cubemx/CMakeFiles/STM32_Drivers.dir/__/__/Drivers/STM32F4xx_HAL_Driver/Src/stm32f4xx_hal_flash.c.obj
LOAD cmake/stm32cubemx/CMakeFiles/STM32_Drivers.dir/__/__/Drivers/STM32F4xx_HAL_Driver/Src/stm32f4xx_hal_flash_ex.c.obj
LOAD cmake/stm32cubemx/CMakeFiles/STM32_Drivers.dir/__/__/Drivers/STM32F4xx_HAL_Driver/Src/stm32f4xx_hal_flash_ramfunc.c.obj
LOAD cmake/stm32cubemx/CMakeFiles/STM32_Drivers.dir/__/__/Drivers/STM32F4xx_HAL_Driver/Src/stm32f4xx_hal_gpio.c.obj
LOAD cmake/stm32cubemx/CMakeFiles/STM32_Drivers.dir/__/__/Drivers/STM32F4xx_HAL_Driver/Src/stm32f4xx_hal_dma_ex.c.obj
LOAD cmake/stm32cubemx/CMakeFiles/STM32_Drivers.dir/__/__/Drivers/STM32F4xx_HAL_Driver/Src/stm32f4xx_hal_dma.c.obj
LOAD cmake/stm32cubemx/CMakeFiles/STM32_Drivers.dir/__/__/Drivers/STM32F4xx_HAL_Driver/Src/stm32f4xx_hal_pwr.c.obj
LOAD cmake/stm32cubemx/CMakeFiles/STM32_Drivers.dir/__/__/Drivers/STM32F4xx_HAL_Driver/Src/stm32f4xx_hal_pwr_ex.c.obj
LOAD cmake/stm32cubemx/CMakeFiles/STM32_Drivers.dir/__/__/Drivers/STM32F4xx_HAL_Driver/Src/stm32f4xx_hal_cortex.c.obj
LOAD cmake/stm32cubemx/CMakeFiles/STM32_Drivers.dir/__/__/Drivers/STM32F4xx_HAL_Driver/Src/stm32f4xx_hal.c.obj
LOAD cmake/stm32cubemx/CMakeFiles/STM32_Drivers.dir/__/__/Drivers/STM32F4xx_HAL_Driver/Src/stm32f4xx_hal_exti.c.obj
LOAD CMakeFiles/prj919.dir/Core/Src/main.c.obj
LOAD CMakeFiles/prj919.dir/Core/Src/stm32f4xx_it.c.obj
LOAD CMakeFiles/prj919.dir/Core/Src/stm32f4xx_hal_msp.c.obj
LOAD CMakeFiles/prj919.dir/Core/Src/sysmem.c.obj
LOAD CMakeFiles/prj919.dir/Core/Src/syscalls.c.obj
LOAD CMakeFiles/prj919.dir/startup_stm32f407xx.s.obj
LOAD D:/f/arm-gnu-toolchain-13.3.rel1-mingw-w64-i686-arm-none-eabi/arm-gnu-toolchain-13.3.rel1-mingw-w64-i686-arm-none-eabi/bin/../lib/gcc/arm-none-eabi/13.3.1/thumb/v7e-m+fp/hard\libm.a
START GROUP
LOAD D:/f/arm-gnu-toolchain-13.3.rel1-mingw-w64-i686-arm-none-eabi/arm-gnu-toolchain-13.3.rel1-mingw-w64-i686-arm-none-eabi/bin/../lib/gcc/arm-none-eabi/13.3.1/thumb/v7e-m+fp/hard\libgcc.a
LOAD D:/f/arm-gnu-toolchain-13.3.rel1-mingw-w64-i686-arm-none-eabi/arm-gnu-toolchain-13.3.rel1-mingw-w64-i686-arm-none-eabi/bin/../lib/gcc/arm-none-eabi/13.3.1/thumb/v7e-m+fp/hard\libg_nano.a
LOAD D:/f/arm-gnu-toolchain-13.3.rel1-mingw-w64-i686-arm-none-eabi/arm-gnu-toolchain-13.3.rel1-mingw-w64-i686-arm-none-eabi/bin/../lib/gcc/arm-none-eabi/13.3.1/thumb/v7e-m+fp/hard\libc_nano.a
END GROUP
START GROUP
LOAD D:/f/arm-gnu-toolchain-13.3.rel1-mingw-w64-i686-arm-none-eabi/arm-gnu-toolchain-13.3.rel1-mingw-w64-i686-arm-none-eabi/bin/../lib/gcc/arm-none-eabi/13.3.1/thumb/v7e-m+fp/hard\libgcc.a
LOAD D:/f/arm-gnu-toolchain-13.3.rel1-mingw-w64-i686-arm-none-eabi/arm-gnu-toolchain-13.3.rel1-mingw-w64-i686-arm-none-eabi/bin/../lib/gcc/arm-none-eabi/13.3.1/thumb/v7e-m+fp/hard\libc_nano.a
END GROUP
LOAD D:/f/arm-gnu-toolchain-13.3.rel1-mingw-w64-i686-arm-none-eabi/arm-gnu-toolchain-13.3.rel1-mingw-w64-i686-arm-none-eabi/bin/../lib/gcc/arm-none-eabi/13.3.1/thumb/v7e-m+fp/hard/crtend.o
LOAD D:/f/arm-gnu-toolchain-13.3.rel1-mingw-w64-i686-arm-none-eabi/arm-gnu-toolchain-13.3.rel1-mingw-w64-i686-arm-none-eabi/bin/../lib/gcc/arm-none-eabi/13.3.1/thumb/v7e-m+fp/hard/crtn.o
                0x20020000                        _estack = (ORIGIN (RAM) + LENGTH (RAM))
                0x2001fc00                        _sstack = (_estack - _Min_Stack_Size)
                0x00000200                        _Min_Heap_Size = 0x200
                0x00000400                        _Min_Stack_Size = 0x400

.isr_vector     0x08000000      0x188
                0x08000000                        . = ALIGN (0x4)
 *(.isr_vector)
 .isr_vector    0x08000000      0x188 CMakeFiles/prj919.dir/startup_stm32f407xx.s.obj
                0x08000000                g_pfnVectors
                0x08000188                        . = ALIGN (0x4)

.text           0x08000188     0x16f4
                0x08000188                        . = ALIGN (0x4)
 *(.text)
 .text          0x08000188       0x30 D:/f/arm-gnu-toolchain-13.3.rel1-mingw-w64-i686-arm-none-eabi/arm-gnu-toolchain-13.3.rel1-mingw-w64-i686-arm-none-eabi/bin/../lib/gcc/arm-none-eabi/13.3.1/thumb/v7e-m+fp/hard\libgcc.a(_aeabi_uldivmod.o)
                0x08000188                __aeabi_uldivmod
 .text          0x080001b8        0x4 D:/f/arm-gnu-toolchain-13.3.rel1-mingw-w64-i686-arm-none-eabi/arm-gnu-toolchain-13.3.rel1-mingw-w64-i686-arm-none-eabi/bin/../lib/gcc/arm-none-eabi/13.3.1/thumb/v7e-m+fp/hard\libgcc.a(_dvmd_tls.o)
                0x080001b8                __aeabi_idiv0
                0x080001b8                __aeabi_ldiv0
 *(.text*)
 .text.deregister_tm_clones
                0x080001bc       0x1c D:/f/arm-gnu-toolchain-13.3.rel1-mingw-w64-i686-arm-none-eabi/arm-gnu-toolchain-13.3.rel1-mingw-w64-i686-arm-none-eabi/bin/../lib/gcc/arm-none-eabi/13.3.1/thumb/v7e-m+fp/hard/crtbegin.o
 .text.register_tm_clones
                0x080001d8       0x24 D:/f/arm-gnu-toolchain-13.3.rel1-mingw-w64-i686-arm-none-eabi/arm-gnu-toolchain-13.3.rel1-mingw-w64-i686-arm-none-eabi/bin/../lib/gcc/arm-none-eabi/13.3.1/thumb/v7e-m+fp/hard/crtbegin.o
 .text.__do_global_dtors_aux
                0x080001fc       0x28 D:/f/arm-gnu-toolchain-13.3.rel1-mingw-w64-i686-arm-none-eabi/arm-gnu-toolchain-13.3.rel1-mingw-w64-i686-arm-none-eabi/bin/../lib/gcc/arm-none-eabi/13.3.1/thumb/v7e-m+fp/hard/crtbegin.o
 .text.frame_dummy
                0x08000224       0x24 D:/f/arm-gnu-toolchain-13.3.rel1-mingw-w64-i686-arm-none-eabi/arm-gnu-toolchain-13.3.rel1-mingw-w64-i686-arm-none-eabi/bin/../lib/gcc/arm-none-eabi/13.3.1/thumb/v7e-m+fp/hard/crtbegin.o
 .text.SystemInit
                0x08000248       0x24 cmake/stm32cubemx/CMakeFiles/STM32_Drivers.dir/__/__/Core/Src/system_stm32f4xx.c.obj
                0x08000248                SystemInit
 .text.HAL_RCC_OscConfig
                0x0800026c      0x4f0 cmake/stm32cubemx/CMakeFiles/STM32_Drivers.dir/__/__/Drivers/STM32F4xx_HAL_Driver/Src/stm32f4xx_hal_rcc.c.obj
                0x0800026c                HAL_RCC_OscConfig
 .text.HAL_RCC_ClockConfig
                0x0800075c      0x1cc cmake/stm32cubemx/CMakeFiles/STM32_Drivers.dir/__/__/Drivers/STM32F4xx_HAL_Driver/Src/stm32f4xx_hal_rcc.c.obj
                0x0800075c                HAL_RCC_ClockConfig
 .text.HAL_RCC_GetSysClockFreq
                0x08000928      0x20c cmake/stm32cubemx/CMakeFiles/STM32_Drivers.dir/__/__/Drivers/STM32F4xx_HAL_Driver/Src/stm32f4xx_hal_rcc.c.obj
                0x08000928                HAL_RCC_GetSysClockFreq
 .text.HAL_GPIO_Init
                0x08000b34      0x338 cmake/stm32cubemx/CMakeFiles/STM32_Drivers.dir/__/__/Drivers/STM32F4xx_HAL_Driver/Src/stm32f4xx_hal_gpio.c.obj
                0x08000b34                HAL_GPIO_Init
 .text.HAL_GPIO_WritePin
                0x08000e6c       0x32 cmake/stm32cubemx/CMakeFiles/STM32_Drivers.dir/__/__/Drivers/STM32F4xx_HAL_Driver/Src/stm32f4xx_hal_gpio.c.obj
                0x08000e6c                HAL_GPIO_WritePin
 .text.HAL_GPIO_TogglePin
                0x08000e9e       0x34 cmake/stm32cubemx/CMakeFiles/STM32_Drivers.dir/__/__/Drivers/STM32F4xx_HAL_Driver/Src/stm32f4xx_hal_gpio.c.obj
                0x08000e9e                HAL_GPIO_TogglePin
 *fill*         0x08000ed2        0x2 
 .text.HAL_GPIO_EXTI_IRQHandler
                0x08000ed4       0x30 cmake/stm32cubemx/CMakeFiles/STM32_Drivers.dir/__/__/Drivers/STM32F4xx_HAL_Driver/Src/stm32f4xx_hal_gpio.c.obj
                0x08000ed4                HAL_GPIO_EXTI_IRQHandler
 .text.HAL_GPIO_EXTI_Callback
                0x08000f04       0x16 cmake/stm32cubemx/CMakeFiles/STM32_Drivers.dir/__/__/Drivers/STM32F4xx_HAL_Driver/Src/stm32f4xx_hal_gpio.c.obj
                0x08000f04                HAL_GPIO_EXTI_Callback
 *fill*         0x08000f1a        0x2 
 .text.__NVIC_SetPriorityGrouping
                0x08000f1c       0x48 cmake/stm32cubemx/CMakeFiles/STM32_Drivers.dir/__/__/Drivers/STM32F4xx_HAL_Driver/Src/stm32f4xx_hal_cortex.c.obj
 .text.__NVIC_GetPriorityGrouping
                0x08000f64       0x1c cmake/stm32cubemx/CMakeFiles/STM32_Drivers.dir/__/__/Drivers/STM32F4xx_HAL_Driver/Src/stm32f4xx_hal_cortex.c.obj
 .text.__NVIC_EnableIRQ
                0x08000f80       0x3c cmake/stm32cubemx/CMakeFiles/STM32_Drivers.dir/__/__/Drivers/STM32F4xx_HAL_Driver/Src/stm32f4xx_hal_cortex.c.obj
 .text.__NVIC_SetPriority
                0x08000fbc       0x54 cmake/stm32cubemx/CMakeFiles/STM32_Drivers.dir/__/__/Drivers/STM32F4xx_HAL_Driver/Src/stm32f4xx_hal_cortex.c.obj
 .text.NVIC_EncodePriority
                0x08001010       0x66 cmake/stm32cubemx/CMakeFiles/STM32_Drivers.dir/__/__/Drivers/STM32F4xx_HAL_Driver/Src/stm32f4xx_hal_cortex.c.obj
 *fill*         0x08001076        0x2 
 .text.SysTick_Config
                0x08001078       0x44 cmake/stm32cubemx/CMakeFiles/STM32_Drivers.dir/__/__/Drivers/STM32F4xx_HAL_Driver/Src/stm32f4xx_hal_cortex.c.obj
 .text.HAL_NVIC_SetPriorityGrouping
                0x080010bc       0x16 cmake/stm32cubemx/CMakeFiles/STM32_Drivers.dir/__/__/Drivers/STM32F4xx_HAL_Driver/Src/stm32f4xx_hal_cortex.c.obj
                0x080010bc                HAL_NVIC_SetPriorityGrouping
 .text.HAL_NVIC_SetPriority
                0x080010d2       0x38 cmake/stm32cubemx/CMakeFiles/STM32_Drivers.dir/__/__/Drivers/STM32F4xx_HAL_Driver/Src/stm32f4xx_hal_cortex.c.obj
                0x080010d2                HAL_NVIC_SetPriority
 .text.HAL_NVIC_EnableIRQ
                0x0800110a       0x1c cmake/stm32cubemx/CMakeFiles/STM32_Drivers.dir/__/__/Drivers/STM32F4xx_HAL_Driver/Src/stm32f4xx_hal_cortex.c.obj
                0x0800110a                HAL_NVIC_EnableIRQ
 .text.HAL_SYSTICK_Config
                0x08001126       0x18 cmake/stm32cubemx/CMakeFiles/STM32_Drivers.dir/__/__/Drivers/STM32F4xx_HAL_Driver/Src/stm32f4xx_hal_cortex.c.obj
                0x08001126                HAL_SYSTICK_Config
 *fill*         0x0800113e        0x2 
 .text.HAL_Init
                0x08001140       0x44 cmake/stm32cubemx/CMakeFiles/STM32_Drivers.dir/__/__/Drivers/STM32F4xx_HAL_Driver/Src/stm32f4xx_hal.c.obj
                0x08001140                HAL_Init
 .text.HAL_InitTick
                0x08001184       0x60 cmake/stm32cubemx/CMakeFiles/STM32_Drivers.dir/__/__/Drivers/STM32F4xx_HAL_Driver/Src/stm32f4xx_hal.c.obj
                0x08001184                HAL_InitTick
 .text.HAL_IncTick
                0x080011e4       0x28 cmake/stm32cubemx/CMakeFiles/STM32_Drivers.dir/__/__/Drivers/STM32F4xx_HAL_Driver/Src/stm32f4xx_hal.c.obj
                0x080011e4                HAL_IncTick
 .text.HAL_GetTick
                0x0800120c       0x18 cmake/stm32cubemx/CMakeFiles/STM32_Drivers.dir/__/__/Drivers/STM32F4xx_HAL_Driver/Src/stm32f4xx_hal.c.obj
                0x0800120c                HAL_GetTick
 .text.HAL_Delay
                0x08001224       0x48 cmake/stm32cubemx/CMakeFiles/STM32_Drivers.dir/__/__/Drivers/STM32F4xx_HAL_Driver/Src/stm32f4xx_hal.c.obj
                0x08001224                HAL_Delay
 .text.main     0x0800126c       0x2c CMakeFiles/prj919.dir/Core/Src/main.c.obj
                0x0800126c                main
 .text.SystemClock_Config
                0x08001298       0xd4 CMakeFiles/prj919.dir/Core/Src/main.c.obj
                0x08001298                SystemClock_Config
 .text.MX_GPIO_Init
                0x0800136c       0xb8 CMakeFiles/prj919.dir/Core/Src/main.c.obj
 .text.Error_Handler
                0x08001424        0xc CMakeFiles/prj919.dir/Core/Src/main.c.obj
                0x08001424                Error_Handler
 .text.NMI_Handler
                0x08001430        0x8 CMakeFiles/prj919.dir/Core/Src/stm32f4xx_it.c.obj
                0x08001430                NMI_Handler
 .text.HardFault_Handler
                0x08001438        0x8 CMakeFiles/prj919.dir/Core/Src/stm32f4xx_it.c.obj
                0x08001438                HardFault_Handler
 .text.MemManage_Handler
                0x08001440        0x8 CMakeFiles/prj919.dir/Core/Src/stm32f4xx_it.c.obj
                0x08001440                MemManage_Handler
 .text.BusFault_Handler
                0x08001448        0x8 CMakeFiles/prj919.dir/Core/Src/stm32f4xx_it.c.obj
                0x08001448                BusFault_Handler
 .text.UsageFault_Handler
                0x08001450        0x8 CMakeFiles/prj919.dir/Core/Src/stm32f4xx_it.c.obj
                0x08001450                UsageFault_Handler
 .text.SVC_Handler
                0x08001458        0xe CMakeFiles/prj919.dir/Core/Src/stm32f4xx_it.c.obj
                0x08001458                SVC_Handler
 .text.DebugMon_Handler
                0x08001466        0xe CMakeFiles/prj919.dir/Core/Src/stm32f4xx_it.c.obj
                0x08001466                DebugMon_Handler
 .text.PendSV_Handler
                0x08001474        0xe CMakeFiles/prj919.dir/Core/Src/stm32f4xx_it.c.obj
                0x08001474                PendSV_Handler
 .text.SysTick_Handler
                0x08001482        0xc CMakeFiles/prj919.dir/Core/Src/stm32f4xx_it.c.obj
                0x08001482                SysTick_Handler
 *fill*         0x0800148e        0x2 
 .text.EXTI0_IRQHandler
                0x08001490       0x1c CMakeFiles/prj919.dir/Core/Src/stm32f4xx_it.c.obj
                0x08001490                EXTI0_IRQHandler
 .text.HAL_MspInit
                0x080014ac       0x50 CMakeFiles/prj919.dir/Core/Src/stm32f4xx_hal_msp.c.obj
                0x080014ac                HAL_MspInit
 .text.Reset_Handler
                0x080014fc       0x50 CMakeFiles/prj919.dir/startup_stm32f407xx.s.obj
                0x080014fc                Reset_Handler
 .text.Default_Handler
                0x0800154c        0x2 CMakeFiles/prj919.dir/startup_stm32f407xx.s.obj
                0x0800154c                RTC_Alarm_IRQHandler
                0x0800154c                HASH_RNG_IRQHandler
                0x0800154c                EXTI2_IRQHandler
                0x0800154c                TIM8_CC_IRQHandler
                0x0800154c                TIM1_CC_IRQHandler
                0x0800154c                DMA2_Stream5_IRQHandler
                0x0800154c                DMA1_Stream5_IRQHandler
                0x0800154c                PVD_IRQHandler
                0x0800154c                SDIO_IRQHandler
                0x0800154c                TAMP_STAMP_IRQHandler
                0x0800154c                CAN2_RX1_IRQHandler
                0x0800154c                EXTI3_IRQHandler
                0x0800154c                TIM8_TRG_COM_TIM14_IRQHandler
                0x0800154c                TIM1_UP_TIM10_IRQHandler
                0x0800154c                TIM8_UP_TIM13_IRQHandler
                0x0800154c                I2C3_ER_IRQHandler
                0x0800154c                I2C2_EV_IRQHandler
                0x0800154c                DMA1_Stream2_IRQHandler
                0x0800154c                CAN1_RX0_IRQHandler
                0x0800154c                FPU_IRQHandler
                0x0800154c                OTG_HS_WKUP_IRQHandler
                0x0800154c                CAN2_SCE_IRQHandler
                0x0800154c                DMA2_Stream2_IRQHandler
                0x0800154c                SPI1_IRQHandler
                0x0800154c                TIM6_DAC_IRQHandler
                0x0800154c                TIM1_BRK_TIM9_IRQHandler
                0x0800154c                DCMI_IRQHandler
                0x0800154c                CAN2_RX0_IRQHandler
                0x0800154c                DMA2_Stream3_IRQHandler
                0x0800154c                USART6_IRQHandler
                0x0800154c                USART3_IRQHandler
                0x0800154c                CAN1_RX1_IRQHandler
                0x0800154c                UART5_IRQHandler
                0x0800154c                DMA2_Stream0_IRQHandler
                0x0800154c                TIM4_IRQHandler
                0x0800154c                I2C1_EV_IRQHandler
                0x0800154c                DMA1_Stream6_IRQHandler
                0x0800154c                DMA1_Stream1_IRQHandler
                0x0800154c                UART4_IRQHandler
                0x0800154c                TIM3_IRQHandler
                0x0800154c                RCC_IRQHandler
                0x0800154c                TIM8_BRK_TIM12_IRQHandler
                0x0800154c                Default_Handler
                0x0800154c                EXTI15_10_IRQHandler
                0x0800154c                ADC_IRQHandler
                0x0800154c                DMA1_Stream7_IRQHandler
                0x0800154c                TIM7_IRQHandler
                0x0800154c                CAN2_TX_IRQHandler
                0x0800154c                TIM5_IRQHandler
                0x0800154c                DMA2_Stream7_IRQHandler
                0x0800154c                I2C3_EV_IRQHandler
                0x0800154c                EXTI9_5_IRQHandler
                0x0800154c                RTC_WKUP_IRQHandler
                0x0800154c                ETH_WKUP_IRQHandler
                0x0800154c                SPI2_IRQHandler
                0x0800154c                OTG_HS_EP1_IN_IRQHandler
                0x0800154c                DMA1_Stream0_IRQHandler
                0x0800154c                CAN1_TX_IRQHandler
                0x0800154c                EXTI4_IRQHandler
                0x0800154c                FSMC_IRQHandler
                0x0800154c                ETH_IRQHandler
                0x0800154c                OTG_HS_EP1_OUT_IRQHandler
                0x0800154c                WWDG_IRQHandler
                0x0800154c                TIM2_IRQHandler
                0x0800154c                OTG_FS_WKUP_IRQHandler
                0x0800154c                TIM1_TRG_COM_TIM11_IRQHandler
                0x0800154c                OTG_HS_IRQHandler
                0x0800154c                EXTI1_IRQHandler
                0x0800154c                USART2_IRQHandler
                0x0800154c                I2C2_ER_IRQHandler
                0x0800154c                DMA2_Stream1_IRQHandler
                0x0800154c                CAN1_SCE_IRQHandler
                0x0800154c                FLASH_IRQHandler
                0x0800154c                DMA2_Stream4_IRQHandler
                0x0800154c                USART1_IRQHandler
                0x0800154c                OTG_FS_IRQHandler
                0x0800154c                SPI3_IRQHandler
                0x0800154c                DMA1_Stream4_IRQHandler
                0x0800154c                I2C1_ER_IRQHandler
                0x0800154c                DMA2_Stream6_IRQHandler
                0x0800154c                DMA1_Stream3_IRQHandler
 *fill*         0x0800154e        0x2 
 .text.__udivmoddi4
                0x08001550      0x2bc D:/f/arm-gnu-toolchain-13.3.rel1-mingw-w64-i686-arm-none-eabi/arm-gnu-toolchain-13.3.rel1-mingw-w64-i686-arm-none-eabi/bin/../lib/gcc/arm-none-eabi/13.3.1/thumb/v7e-m+fp/hard\libgcc.a(_udivmoddi4.o)
                0x08001550                __udivmoddi4
 .text.memset   0x0800180c       0x10 D:/f/arm-gnu-toolchain-13.3.rel1-mingw-w64-i686-arm-none-eabi/arm-gnu-toolchain-13.3.rel1-mingw-w64-i686-arm-none-eabi/bin/../lib/gcc/arm-none-eabi/13.3.1/thumb/v7e-m+fp/hard\libg_nano.a(libc_a-memset.o)
                0x0800180c                memset
 .text.__libc_init_array
                0x0800181c       0x48 D:/f/arm-gnu-toolchain-13.3.rel1-mingw-w64-i686-arm-none-eabi/arm-gnu-toolchain-13.3.rel1-mingw-w64-i686-arm-none-eabi/bin/../lib/gcc/arm-none-eabi/13.3.1/thumb/v7e-m+fp/hard\libg_nano.a(libc_a-init.o)
                0x0800181c                __libc_init_array
 *(.glue_7)
 .glue_7        0x08001864        0x0 linker stubs
 *(.glue_7t)
 .glue_7t       0x08001864        0x0 linker stubs
 *(.eh_frame)
 .eh_frame      0x08001864        0x0 D:/f/arm-gnu-toolchain-13.3.rel1-mingw-w64-i686-arm-none-eabi/arm-gnu-toolchain-13.3.rel1-mingw-w64-i686-arm-none-eabi/bin/../lib/gcc/arm-none-eabi/13.3.1/thumb/v7e-m+fp/hard/crtbegin.o
 *(.init)
 .init          0x08001864        0x4 D:/f/arm-gnu-toolchain-13.3.rel1-mingw-w64-i686-arm-none-eabi/arm-gnu-toolchain-13.3.rel1-mingw-w64-i686-arm-none-eabi/bin/../lib/gcc/arm-none-eabi/13.3.1/thumb/v7e-m+fp/hard/crti.o
                0x08001864                _init
 .init          0x08001868        0x8 D:/f/arm-gnu-toolchain-13.3.rel1-mingw-w64-i686-arm-none-eabi/arm-gnu-toolchain-13.3.rel1-mingw-w64-i686-arm-none-eabi/bin/../lib/gcc/arm-none-eabi/13.3.1/thumb/v7e-m+fp/hard/crtn.o
 *(.fini)
 .fini          0x08001870        0x4 D:/f/arm-gnu-toolchain-13.3.rel1-mingw-w64-i686-arm-none-eabi/arm-gnu-toolchain-13.3.rel1-mingw-w64-i686-arm-none-eabi/bin/../lib/gcc/arm-none-eabi/13.3.1/thumb/v7e-m+fp/hard/crti.o
                0x08001870                _fini
 .fini          0x08001874        0x8 D:/f/arm-gnu-toolchain-13.3.rel1-mingw-w64-i686-arm-none-eabi/arm-gnu-toolchain-13.3.rel1-mingw-w64-i686-arm-none-eabi/bin/../lib/gcc/arm-none-eabi/13.3.1/thumb/v7e-m+fp/hard/crtn.o
                0x0800187c                        . = ALIGN (0x4)
                0x0800187c                        _etext = .

.vfp11_veneer   0x0800187c        0x0
 .vfp11_veneer  0x0800187c        0x0 linker stubs

.v4_bx          0x0800187c        0x0
 .v4_bx         0x0800187c        0x0 linker stubs

.iplt           0x0800187c        0x0
 .iplt          0x0800187c        0x0 D:/f/arm-gnu-toolchain-13.3.rel1-mingw-w64-i686-arm-none-eabi/arm-gnu-toolchain-13.3.rel1-mingw-w64-i686-arm-none-eabi/bin/../lib/gcc/arm-none-eabi/13.3.1/thumb/v7e-m+fp/hard/crtbegin.o

.rodata         0x0800187c       0x10
                0x0800187c                        . = ALIGN (0x4)
 *(.rodata)
 *(.rodata*)
 .rodata.AHBPrescTable
                0x0800187c       0x10 cmake/stm32cubemx/CMakeFiles/STM32_Drivers.dir/__/__/Core/Src/system_stm32f4xx.c.obj
                0x0800187c                AHBPrescTable
                0x0800188c                        . = ALIGN (0x4)

.ARM.extab      0x0800188c        0x0
                0x0800188c                        . = ALIGN (0x4)
 *(.ARM.extab* .gnu.linkonce.armextab.*)
                0x0800188c                        . = ALIGN (0x4)

.ARM            0x0800188c        0x8
                0x0800188c                        . = ALIGN (0x4)
                0x0800188c                        __exidx_start = .
 *(.ARM.exidx*)
 .ARM.exidx.text.__udivmoddi4
                0x0800188c        0x8 D:/f/arm-gnu-toolchain-13.3.rel1-mingw-w64-i686-arm-none-eabi/arm-gnu-toolchain-13.3.rel1-mingw-w64-i686-arm-none-eabi/bin/../lib/gcc/arm-none-eabi/13.3.1/thumb/v7e-m+fp/hard\libgcc.a(_udivmoddi4.o)
                0x08001894                        __exidx_end = .
                0x08001894                        . = ALIGN (0x4)

.preinit_array  0x08001894        0x0
                0x08001894                        . = ALIGN (0x4)
                0x08001894                        PROVIDE (__preinit_array_start = .)
 *(.preinit_array*)
                0x08001894                        PROVIDE (__preinit_array_end = .)
                0x08001894                        . = ALIGN (0x4)

.init_array     0x08001894        0x4
                0x08001894                        . = ALIGN (0x4)
                0x08001894                        PROVIDE (__init_array_start = .)
 *(SORT_BY_NAME(.init_array.*))
 *(.init_array*)
 .init_array    0x08001894        0x4 D:/f/arm-gnu-toolchain-13.3.rel1-mingw-w64-i686-arm-none-eabi/arm-gnu-toolchain-13.3.rel1-mingw-w64-i686-arm-none-eabi/bin/../lib/gcc/arm-none-eabi/13.3.1/thumb/v7e-m+fp/hard/crtbegin.o
                0x08001898                        PROVIDE (__init_array_end = .)
                0x08001898                        . = ALIGN (0x4)

.fini_array     0x08001898        0x4
                0x08001898                        . = ALIGN (0x4)
                [!provide]                        PROVIDE (__fini_array_start = .)
 *(SORT_BY_NAME(.fini_array.*))
 *(.fini_array*)
 .fini_array    0x08001898        0x4 D:/f/arm-gnu-toolchain-13.3.rel1-mingw-w64-i686-arm-none-eabi/arm-gnu-toolchain-13.3.rel1-mingw-w64-i686-arm-none-eabi/bin/../lib/gcc/arm-none-eabi/13.3.1/thumb/v7e-m+fp/hard/crtbegin.o
                [!provide]                        PROVIDE (__fini_array_end = .)
                0x0800189c                        . = ALIGN (0x4)
                0x0800189c                        _siccmram = LOADADDR (.ccmram)

.rel.dyn        0x0800189c        0x0
 .rel.iplt      0x0800189c        0x0 D:/f/arm-gnu-toolchain-13.3.rel1-mingw-w64-i686-arm-none-eabi/arm-gnu-toolchain-13.3.rel1-mingw-w64-i686-arm-none-eabi/bin/../lib/gcc/arm-none-eabi/13.3.1/thumb/v7e-m+fp/hard/crtbegin.o

.ccmram         0x10000000        0x0 load address 0x0800189c
                0x10000000                        . = ALIGN (0x4)
                0x10000000                        _sccmram = .
 *(.ccmram)
 *(.ccmram*)
                0x10000000                        . = ALIGN (0x4)
                0x10000000                        _eccmram = .
                0x0800189c                        _sidata = LOADADDR (.data)

.data           0x20000000        0xc load address 0x0800189c
                0x20000000                        . = ALIGN (0x4)
                0x20000000                        _sdata = .
 *(.data)
 *(.data*)
 .data.SystemCoreClock
                0x20000000        0x4 cmake/stm32cubemx/CMakeFiles/STM32_Drivers.dir/__/__/Core/Src/system_stm32f4xx.c.obj
                0x20000000                SystemCoreClock
 .data.uwTickPrio
                0x20000004        0x4 cmake/stm32cubemx/CMakeFiles/STM32_Drivers.dir/__/__/Drivers/STM32F4xx_HAL_Driver/Src/stm32f4xx_hal.c.obj
                0x20000004                uwTickPrio
 .data.uwTickFreq
                0x20000008        0x1 cmake/stm32cubemx/CMakeFiles/STM32_Drivers.dir/__/__/Drivers/STM32F4xx_HAL_Driver/Src/stm32f4xx_hal.c.obj
                0x20000008                uwTickFreq
 *(.RamFunc)
 *(.RamFunc*)
                0x2000000c                        . = ALIGN (0x4)
 *fill*         0x20000009        0x3 

.tm_clone_table
                0x2000000c        0x0 load address 0x080018a8
 .tm_clone_table
                0x2000000c        0x0 D:/f/arm-gnu-toolchain-13.3.rel1-mingw-w64-i686-arm-none-eabi/arm-gnu-toolchain-13.3.rel1-mingw-w64-i686-arm-none-eabi/bin/../lib/gcc/arm-none-eabi/13.3.1/thumb/v7e-m+fp/hard/crtbegin.o
 .tm_clone_table
                0x2000000c        0x0 D:/f/arm-gnu-toolchain-13.3.rel1-mingw-w64-i686-arm-none-eabi/arm-gnu-toolchain-13.3.rel1-mingw-w64-i686-arm-none-eabi/bin/../lib/gcc/arm-none-eabi/13.3.1/thumb/v7e-m+fp/hard/crtend.o

.igot.plt       0x2000000c        0x0 load address 0x080018a8
 .igot.plt      0x2000000c        0x0 D:/f/arm-gnu-toolchain-13.3.rel1-mingw-w64-i686-arm-none-eabi/arm-gnu-toolchain-13.3.rel1-mingw-w64-i686-arm-none-eabi/bin/../lib/gcc/arm-none-eabi/13.3.1/thumb/v7e-m+fp/hard/crtbegin.o

.tdata          0x2000000c        0x0 load address 0x080018a8
 *(.tdata .tdata.* .gnu.linkonce.td.*)
                0x2000000c                        . = ALIGN (0x4)
                0x2000000c                        _edata = .
                [!provide]                        PROVIDE (__data_end = .)
                [!provide]                        PROVIDE (__tdata_end = .)
                [!provide]                        PROVIDE (__tdata_start = ADDR (.tdata))
                [!provide]                        PROVIDE (__tdata_size = (__tdata_end - __tdata_start))
                [!provide]                        PROVIDE (__data_start = ADDR (.data))
                [!provide]                        PROVIDE (__data_size = (__data_end - __data_start))
                [!provide]                        PROVIDE (__tdata_source = LOADADDR (.tdata))
                [!provide]                        PROVIDE (__tdata_source_end = (LOADADDR (.tdata) + SIZEOF (.tdata)))
                [!provide]                        PROVIDE (__tdata_source_size = (__tdata_source_end - __tdata_source))
                [!provide]                        PROVIDE (__data_source = LOADADDR (.data))
                [!provide]                        PROVIDE (__data_source_end = __tdata_source_end)
                [!provide]                        PROVIDE (__data_source_size = (__data_source_end - __data_source))

.tbss           0x2000000c        0x0 load address 0x080018a8
                0x2000000c                        _sbss = .
                0x2000000c                        __bss_start__ = _sbss
 *(.tbss .tbss.*)
                0x2000000c                        . = ALIGN (0x4)
                [!provide]                        PROVIDE (__tbss_end = .)
                [!provide]                        PROVIDE (__tbss_start = ADDR (.tbss))
                [!provide]                        PROVIDE (__tbss_size = (__tbss_end - __tbss_start))
                [!provide]                        PROVIDE (__tbss_offset = (ADDR (.tbss) - ADDR (.tdata)))
                [!provide]                        PROVIDE (__tls_base = __tdata_start)
                [!provide]                        PROVIDE (__tls_end = __tbss_end)
                [!provide]                        PROVIDE (__tls_size = (__tls_end - __tls_base))
                [!provide]                        PROVIDE (__tls_align = MAX (ALIGNOF (.tdata), ALIGNOF (.tbss)))
                [!provide]                        PROVIDE (__tls_size_align = (((__tls_size + __tls_align) - 0x1) & ~ ((__tls_align - 0x1))))
                [!provide]                        PROVIDE (__arm32_tls_tcb_offset = MAX (0x8, __tls_align))
                [!provide]                        PROVIDE (__arm64_tls_tcb_offset = MAX (0x10, __tls_align))

.bss            0x2000000c       0x20 load address 0x080018a8
 *(.bss)
 *(.bss*)
 .bss.completed.1
                0x2000000c        0x1 D:/f/arm-gnu-toolchain-13.3.rel1-mingw-w64-i686-arm-none-eabi/arm-gnu-toolchain-13.3.rel1-mingw-w64-i686-arm-none-eabi/bin/../lib/gcc/arm-none-eabi/13.3.1/thumb/v7e-m+fp/hard/crtbegin.o
 *fill*         0x2000000d        0x3 
 .bss.object.0  0x20000010       0x18 D:/f/arm-gnu-toolchain-13.3.rel1-mingw-w64-i686-arm-none-eabi/arm-gnu-toolchain-13.3.rel1-mingw-w64-i686-arm-none-eabi/bin/../lib/gcc/arm-none-eabi/13.3.1/thumb/v7e-m+fp/hard/crtbegin.o
 .bss.uwTick    0x20000028        0x4 cmake/stm32cubemx/CMakeFiles/STM32_Drivers.dir/__/__/Drivers/STM32F4xx_HAL_Driver/Src/stm32f4xx_hal.c.obj
                0x20000028                uwTick
 *(COMMON)
                0x2000002c                        . = ALIGN (0x4)
                0x2000002c                        _ebss = .
                0x2000002c                        __bss_end__ = _ebss
                [!provide]                        PROVIDE (__bss_end = .)
                [!provide]                        PROVIDE (__non_tls_bss_start = ADDR (.bss))
                [!provide]                        PROVIDE (__bss_start = __tbss_start)
                [!provide]                        PROVIDE (__bss_size = (__bss_end - __bss_start))

._user_heap_stack
                0x2000002c      0x604 load address 0x080018a8
                0x20000030                        . = ALIGN (0x8)
 *fill*         0x2000002c        0x4 
                [!provide]                        PROVIDE (end = .)
                0x20000030                        PROVIDE (_end = .)
                0x20000230                        . = (. + _Min_Heap_Size)
 *fill*         0x20000030      0x200 
                0x20000630                        . = (. + _Min_Stack_Size)
 *fill*         0x20000230      0x400 
                0x20000630                        . = ALIGN (0x8)

/DISCARD/
 libc.a:*(*)
 libm.a:*(*)
 libgcc.a:*(*)
OUTPUT(prj919.elf elf32-littlearm)
LOAD linker stubs

.ARM.attributes
                0x00000000       0x30
 .ARM.attributes
                0x00000000       0x22 D:/f/arm-gnu-toolchain-13.3.rel1-mingw-w64-i686-arm-none-eabi/arm-gnu-toolchain-13.3.rel1-mingw-w64-i686-arm-none-eabi/bin/../lib/gcc/arm-none-eabi/13.3.1/thumb/v7e-m+fp/hard/crti.o
 .ARM.attributes
                0x00000022       0x34 D:/f/arm-gnu-toolchain-13.3.rel1-mingw-w64-i686-arm-none-eabi/arm-gnu-toolchain-13.3.rel1-mingw-w64-i686-arm-none-eabi/bin/../lib/gcc/arm-none-eabi/13.3.1/thumb/v7e-m+fp/hard/crtbegin.o
 .ARM.attributes
                0x00000056       0x34 cmake/stm32cubemx/CMakeFiles/STM32_Drivers.dir/__/__/Core/Src/system_stm32f4xx.c.obj
 .ARM.attributes
                0x0000008a       0x34 cmake/stm32cubemx/CMakeFiles/STM32_Drivers.dir/__/__/Drivers/STM32F4xx_HAL_Driver/Src/stm32f4xx_hal_rcc.c.obj
 .ARM.attributes
                0x000000be       0x34 cmake/stm32cubemx/CMakeFiles/STM32_Drivers.dir/__/__/Drivers/STM32F4xx_HAL_Driver/Src/stm32f4xx_hal_gpio.c.obj
 .ARM.attributes
                0x000000f2       0x34 cmake/stm32cubemx/CMakeFiles/STM32_Drivers.dir/__/__/Drivers/STM32F4xx_HAL_Driver/Src/stm32f4xx_hal_cortex.c.obj
 .ARM.attributes
                0x00000126       0x34 cmake/stm32cubemx/CMakeFiles/STM32_Drivers.dir/__/__/Drivers/STM32F4xx_HAL_Driver/Src/stm32f4xx_hal.c.obj
 .ARM.attributes
                0x0000015a       0x34 CMakeFiles/prj919.dir/Core/Src/main.c.obj
 .ARM.attributes
                0x0000018e       0x34 CMakeFiles/prj919.dir/Core/Src/stm32f4xx_it.c.obj
 .ARM.attributes
                0x000001c2       0x34 CMakeFiles/prj919.dir/Core/Src/stm32f4xx_hal_msp.c.obj
 .ARM.attributes
                0x000001f6       0x21 CMakeFiles/prj919.dir/startup_stm32f407xx.s.obj
 .ARM.attributes
                0x00000217       0x22 D:/f/arm-gnu-toolchain-13.3.rel1-mingw-w64-i686-arm-none-eabi/arm-gnu-toolchain-13.3.rel1-mingw-w64-i686-arm-none-eabi/bin/../lib/gcc/arm-none-eabi/13.3.1/thumb/v7e-m+fp/hard\libgcc.a(_aeabi_uldivmod.o)
 .ARM.attributes
                0x00000239       0x34 D:/f/arm-gnu-toolchain-13.3.rel1-mingw-w64-i686-arm-none-eabi/arm-gnu-toolchain-13.3.rel1-mingw-w64-i686-arm-none-eabi/bin/../lib/gcc/arm-none-eabi/13.3.1/thumb/v7e-m+fp/hard\libgcc.a(_udivmoddi4.o)
 .ARM.attributes
                0x0000026d       0x22 D:/f/arm-gnu-toolchain-13.3.rel1-mingw-w64-i686-arm-none-eabi/arm-gnu-toolchain-13.3.rel1-mingw-w64-i686-arm-none-eabi/bin/../lib/gcc/arm-none-eabi/13.3.1/thumb/v7e-m+fp/hard\libgcc.a(_dvmd_tls.o)
 .ARM.attributes
                0x0000028f       0x34 D:/f/arm-gnu-toolchain-13.3.rel1-mingw-w64-i686-arm-none-eabi/arm-gnu-toolchain-13.3.rel1-mingw-w64-i686-arm-none-eabi/bin/../lib/gcc/arm-none-eabi/13.3.1/thumb/v7e-m+fp/hard\libg_nano.a(libc_a-memset.o)
 .ARM.attributes
                0x000002c3       0x34 D:/f/arm-gnu-toolchain-13.3.rel1-mingw-w64-i686-arm-none-eabi/arm-gnu-toolchain-13.3.rel1-mingw-w64-i686-arm-none-eabi/bin/../lib/gcc/arm-none-eabi/13.3.1/thumb/v7e-m+fp/hard\libg_nano.a(libc_a-init.o)
 .ARM.attributes
                0x000002f7       0x34 D:/f/arm-gnu-toolchain-13.3.rel1-mingw-w64-i686-arm-none-eabi/arm-gnu-toolchain-13.3.rel1-mingw-w64-i686-arm-none-eabi/bin/../lib/gcc/arm-none-eabi/13.3.1/thumb/v7e-m+fp/hard/crtend.o
 .ARM.attributes
                0x0000032b       0x22 D:/f/arm-gnu-toolchain-13.3.rel1-mingw-w64-i686-arm-none-eabi/arm-gnu-toolchain-13.3.rel1-mingw-w64-i686-arm-none-eabi/bin/../lib/gcc/arm-none-eabi/13.3.1/thumb/v7e-m+fp/hard/crtn.o

.comment        0x00000000       0x45
 .comment       0x00000000       0x45 cmake/stm32cubemx/CMakeFiles/STM32_Drivers.dir/__/__/Core/Src/system_stm32f4xx.c.obj
                                 0x46 (size before relaxing)
 .comment       0x00000045       0x46 cmake/stm32cubemx/CMakeFiles/STM32_Drivers.dir/__/__/Drivers/STM32F4xx_HAL_Driver/Src/stm32f4xx_hal_rcc.c.obj
 .comment       0x00000045       0x46 cmake/stm32cubemx/CMakeFiles/STM32_Drivers.dir/__/__/Drivers/STM32F4xx_HAL_Driver/Src/stm32f4xx_hal_gpio.c.obj
 .comment       0x00000045       0x46 cmake/stm32cubemx/CMakeFiles/STM32_Drivers.dir/__/__/Drivers/STM32F4xx_HAL_Driver/Src/stm32f4xx_hal_cortex.c.obj
 .comment       0x00000045       0x46 cmake/stm32cubemx/CMakeFiles/STM32_Drivers.dir/__/__/Drivers/STM32F4xx_HAL_Driver/Src/stm32f4xx_hal.c.obj
 .comment       0x00000045       0x46 CMakeFiles/prj919.dir/Core/Src/main.c.obj
 .comment       0x00000045       0x46 CMakeFiles/prj919.dir/Core/Src/stm32f4xx_it.c.obj
 .comment       0x00000045       0x46 CMakeFiles/prj919.dir/Core/Src/stm32f4xx_hal_msp.c.obj

.debug_info     0x00000000     0x3902
 .debug_info    0x00000000      0x512 cmake/stm32cubemx/CMakeFiles/STM32_Drivers.dir/__/__/Core/Src/system_stm32f4xx.c.obj
 .debug_info    0x00000512      0x8c3 cmake/stm32cubemx/CMakeFiles/STM32_Drivers.dir/__/__/Drivers/STM32F4xx_HAL_Driver/Src/stm32f4xx_hal_rcc.c.obj
 .debug_info    0x00000dd5      0x6c3 cmake/stm32cubemx/CMakeFiles/STM32_Drivers.dir/__/__/Drivers/STM32F4xx_HAL_Driver/Src/stm32f4xx_hal_gpio.c.obj
 .debug_info    0x00001498      0xd8c cmake/stm32cubemx/CMakeFiles/STM32_Drivers.dir/__/__/Drivers/STM32F4xx_HAL_Driver/Src/stm32f4xx_hal_cortex.c.obj
 .debug_info    0x00002224      0x944 cmake/stm32cubemx/CMakeFiles/STM32_Drivers.dir/__/__/Drivers/STM32F4xx_HAL_Driver/Src/stm32f4xx_hal.c.obj
 .debug_info    0x00002b68      0x8e8 CMakeFiles/prj919.dir/Core/Src/main.c.obj
 .debug_info    0x00003450      0x219 CMakeFiles/prj919.dir/Core/Src/stm32f4xx_it.c.obj
 .debug_info    0x00003669      0x269 CMakeFiles/prj919.dir/Core/Src/stm32f4xx_hal_msp.c.obj
 .debug_info    0x000038d2       0x30 CMakeFiles/prj919.dir/startup_stm32f407xx.s.obj

.debug_abbrev   0x00000000      0xef5
 .debug_abbrev  0x00000000      0x11a cmake/stm32cubemx/CMakeFiles/STM32_Drivers.dir/__/__/Core/Src/system_stm32f4xx.c.obj
 .debug_abbrev  0x0000011a      0x2b7 cmake/stm32cubemx/CMakeFiles/STM32_Drivers.dir/__/__/Drivers/STM32F4xx_HAL_Driver/Src/stm32f4xx_hal_rcc.c.obj
 .debug_abbrev  0x000003d1      0x1d4 cmake/stm32cubemx/CMakeFiles/STM32_Drivers.dir/__/__/Drivers/STM32F4xx_HAL_Driver/Src/stm32f4xx_hal_gpio.c.obj
 .debug_abbrev  0x000005a5      0x31d cmake/stm32cubemx/CMakeFiles/STM32_Drivers.dir/__/__/Drivers/STM32F4xx_HAL_Driver/Src/stm32f4xx_hal_cortex.c.obj
 .debug_abbrev  0x000008c2      0x214 cmake/stm32cubemx/CMakeFiles/STM32_Drivers.dir/__/__/Drivers/STM32F4xx_HAL_Driver/Src/stm32f4xx_hal.c.obj
 .debug_abbrev  0x00000ad6      0x21b CMakeFiles/prj919.dir/Core/Src/main.c.obj
 .debug_abbrev  0x00000cf1      0x108 CMakeFiles/prj919.dir/Core/Src/stm32f4xx_it.c.obj
 .debug_abbrev  0x00000df9       0xd8 CMakeFiles/prj919.dir/Core/Src/stm32f4xx_hal_msp.c.obj
 .debug_abbrev  0x00000ed1       0x24 CMakeFiles/prj919.dir/startup_stm32f407xx.s.obj

.debug_aranges  0x00000000      0x410
 .debug_aranges
                0x00000000       0x28 cmake/stm32cubemx/CMakeFiles/STM32_Drivers.dir/__/__/Core/Src/system_stm32f4xx.c.obj
 .debug_aranges
                0x00000028       0x88 cmake/stm32cubemx/CMakeFiles/STM32_Drivers.dir/__/__/Drivers/STM32F4xx_HAL_Driver/Src/stm32f4xx_hal_rcc.c.obj
 .debug_aranges
                0x000000b0       0x58 cmake/stm32cubemx/CMakeFiles/STM32_Drivers.dir/__/__/Drivers/STM32F4xx_HAL_Driver/Src/stm32f4xx_hal_gpio.c.obj
 .debug_aranges
                0x00000108      0x130 cmake/stm32cubemx/CMakeFiles/STM32_Drivers.dir/__/__/Drivers/STM32F4xx_HAL_Driver/Src/stm32f4xx_hal_cortex.c.obj
 .debug_aranges
                0x00000238       0xf0 cmake/stm32cubemx/CMakeFiles/STM32_Drivers.dir/__/__/Drivers/STM32F4xx_HAL_Driver/Src/stm32f4xx_hal.c.obj
 .debug_aranges
                0x00000328       0x38 CMakeFiles/prj919.dir/Core/Src/main.c.obj
 .debug_aranges
                0x00000360       0x68 CMakeFiles/prj919.dir/Core/Src/stm32f4xx_it.c.obj
 .debug_aranges
                0x000003c8       0x20 CMakeFiles/prj919.dir/Core/Src/stm32f4xx_hal_msp.c.obj
 .debug_aranges
                0x000003e8       0x28 CMakeFiles/prj919.dir/startup_stm32f407xx.s.obj

.debug_rnglists
                0x00000000      0x2ea
 .debug_rnglists
                0x00000000       0x1a cmake/stm32cubemx/CMakeFiles/STM32_Drivers.dir/__/__/Core/Src/system_stm32f4xx.c.obj
 .debug_rnglists
                0x0000001a       0x66 cmake/stm32cubemx/CMakeFiles/STM32_Drivers.dir/__/__/Drivers/STM32F4xx_HAL_Driver/Src/stm32f4xx_hal_rcc.c.obj
 .debug_rnglists
                0x00000080       0x3f cmake/stm32cubemx/CMakeFiles/STM32_Drivers.dir/__/__/Drivers/STM32F4xx_HAL_Driver/Src/stm32f4xx_hal_gpio.c.obj
 .debug_rnglists
                0x000000bf       0xe0 cmake/stm32cubemx/CMakeFiles/STM32_Drivers.dir/__/__/Drivers/STM32F4xx_HAL_Driver/Src/stm32f4xx_hal_cortex.c.obj
 .debug_rnglists
                0x0000019f       0xaf cmake/stm32cubemx/CMakeFiles/STM32_Drivers.dir/__/__/Drivers/STM32F4xx_HAL_Driver/Src/stm32f4xx_hal.c.obj
 .debug_rnglists
                0x0000024e       0x27 CMakeFiles/prj919.dir/Core/Src/main.c.obj
 .debug_rnglists
                0x00000275       0x49 CMakeFiles/prj919.dir/Core/Src/stm32f4xx_it.c.obj
 .debug_rnglists
                0x000002be       0x13 CMakeFiles/prj919.dir/Core/Src/stm32f4xx_hal_msp.c.obj
 .debug_rnglists
                0x000002d1       0x19 CMakeFiles/prj919.dir/startup_stm32f407xx.s.obj

.debug_macro    0x00000000    0x1ee01
 .debug_macro   0x00000000      0x1b0 cmake/stm32cubemx/CMakeFiles/STM32_Drivers.dir/__/__/Core/Src/system_stm32f4xx.c.obj
 .debug_macro   0x000001b0      0xad8 cmake/stm32cubemx/CMakeFiles/STM32_Drivers.dir/__/__/Core/Src/system_stm32f4xx.c.obj
 .debug_macro   0x00000c88       0x2e cmake/stm32cubemx/CMakeFiles/STM32_Drivers.dir/__/__/Core/Src/system_stm32f4xx.c.obj
 .debug_macro   0x00000cb6       0x2f cmake/stm32cubemx/CMakeFiles/STM32_Drivers.dir/__/__/Core/Src/system_stm32f4xx.c.obj
 .debug_macro   0x00000ce5       0x22 cmake/stm32cubemx/CMakeFiles/STM32_Drivers.dir/__/__/Core/Src/system_stm32f4xx.c.obj
 .debug_macro   0x00000d07       0x8e cmake/stm32cubemx/CMakeFiles/STM32_Drivers.dir/__/__/Core/Src/system_stm32f4xx.c.obj
 .debug_macro   0x00000d95       0x51 cmake/stm32cubemx/CMakeFiles/STM32_Drivers.dir/__/__/Core/Src/system_stm32f4xx.c.obj
 .debug_macro   0x00000de6      0x103 cmake/stm32cubemx/CMakeFiles/STM32_Drivers.dir/__/__/Core/Src/system_stm32f4xx.c.obj
 .debug_macro   0x00000ee9       0x6a cmake/stm32cubemx/CMakeFiles/STM32_Drivers.dir/__/__/Core/Src/system_stm32f4xx.c.obj
 .debug_macro   0x00000f53      0x1df cmake/stm32cubemx/CMakeFiles/STM32_Drivers.dir/__/__/Core/Src/system_stm32f4xx.c.obj
 .debug_macro   0x00001132       0x1c cmake/stm32cubemx/CMakeFiles/STM32_Drivers.dir/__/__/Core/Src/system_stm32f4xx.c.obj
 .debug_macro   0x0000114e       0x22 cmake/stm32cubemx/CMakeFiles/STM32_Drivers.dir/__/__/Core/Src/system_stm32f4xx.c.obj
 .debug_macro   0x00001170       0xfb cmake/stm32cubemx/CMakeFiles/STM32_Drivers.dir/__/__/Core/Src/system_stm32f4xx.c.obj
 .debug_macro   0x0000126b     0x1011 cmake/stm32cubemx/CMakeFiles/STM32_Drivers.dir/__/__/Core/Src/system_stm32f4xx.c.obj
 .debug_macro   0x0000227c      0x11f cmake/stm32cubemx/CMakeFiles/STM32_Drivers.dir/__/__/Core/Src/system_stm32f4xx.c.obj
 .debug_macro   0x0000239b    0x15ea5 cmake/stm32cubemx/CMakeFiles/STM32_Drivers.dir/__/__/Core/Src/system_stm32f4xx.c.obj
 .debug_macro   0x00018240       0x6d cmake/stm32cubemx/CMakeFiles/STM32_Drivers.dir/__/__/Core/Src/system_stm32f4xx.c.obj
 .debug_macro   0x000182ad      0x28f cmake/stm32cubemx/CMakeFiles/STM32_Drivers.dir/__/__/Core/Src/system_stm32f4xx.c.obj
 .debug_macro   0x0001853c     0x3693 cmake/stm32cubemx/CMakeFiles/STM32_Drivers.dir/__/__/Core/Src/system_stm32f4xx.c.obj
 .debug_macro   0x0001bbcf      0x190 cmake/stm32cubemx/CMakeFiles/STM32_Drivers.dir/__/__/Core/Src/system_stm32f4xx.c.obj
 .debug_macro   0x0001bd5f       0x5c cmake/stm32cubemx/CMakeFiles/STM32_Drivers.dir/__/__/Core/Src/system_stm32f4xx.c.obj
 .debug_macro   0x0001bdbb      0x980 cmake/stm32cubemx/CMakeFiles/STM32_Drivers.dir/__/__/Core/Src/system_stm32f4xx.c.obj
 .debug_macro   0x0001c73b      0x9e9 cmake/stm32cubemx/CMakeFiles/STM32_Drivers.dir/__/__/Core/Src/system_stm32f4xx.c.obj
 .debug_macro   0x0001d124      0x115 cmake/stm32cubemx/CMakeFiles/STM32_Drivers.dir/__/__/Core/Src/system_stm32f4xx.c.obj
 .debug_macro   0x0001d239      0x13e cmake/stm32cubemx/CMakeFiles/STM32_Drivers.dir/__/__/Core/Src/system_stm32f4xx.c.obj
 .debug_macro   0x0001d377       0xa5 cmake/stm32cubemx/CMakeFiles/STM32_Drivers.dir/__/__/Core/Src/system_stm32f4xx.c.obj
 .debug_macro   0x0001d41c      0x174 cmake/stm32cubemx/CMakeFiles/STM32_Drivers.dir/__/__/Core/Src/system_stm32f4xx.c.obj
 .debug_macro   0x0001d590      0x287 cmake/stm32cubemx/CMakeFiles/STM32_Drivers.dir/__/__/Core/Src/system_stm32f4xx.c.obj
 .debug_macro   0x0001d817       0x5f cmake/stm32cubemx/CMakeFiles/STM32_Drivers.dir/__/__/Core/Src/system_stm32f4xx.c.obj
 .debug_macro   0x0001d876      0x236 cmake/stm32cubemx/CMakeFiles/STM32_Drivers.dir/__/__/Core/Src/system_stm32f4xx.c.obj
 .debug_macro   0x0001daac      0x12c cmake/stm32cubemx/CMakeFiles/STM32_Drivers.dir/__/__/Core/Src/system_stm32f4xx.c.obj
 .debug_macro   0x0001dbd8      0x21e cmake/stm32cubemx/CMakeFiles/STM32_Drivers.dir/__/__/Core/Src/system_stm32f4xx.c.obj
 .debug_macro   0x0001ddf6       0x2e cmake/stm32cubemx/CMakeFiles/STM32_Drivers.dir/__/__/Core/Src/system_stm32f4xx.c.obj
 .debug_macro   0x0001de24      0x127 cmake/stm32cubemx/CMakeFiles/STM32_Drivers.dir/__/__/Core/Src/system_stm32f4xx.c.obj
 .debug_macro   0x0001df4b       0x7e cmake/stm32cubemx/CMakeFiles/STM32_Drivers.dir/__/__/Core/Src/system_stm32f4xx.c.obj
 .debug_macro   0x0001dfc9       0x89 cmake/stm32cubemx/CMakeFiles/STM32_Drivers.dir/__/__/Core/Src/system_stm32f4xx.c.obj
 .debug_macro   0x0001e052      0x12d cmake/stm32cubemx/CMakeFiles/STM32_Drivers.dir/__/__/Core/Src/system_stm32f4xx.c.obj
 .debug_macro   0x0001e17f      0x1d4 cmake/stm32cubemx/CMakeFiles/STM32_Drivers.dir/__/__/Drivers/STM32F4xx_HAL_Driver/Src/stm32f4xx_hal_rcc.c.obj
 .debug_macro   0x0001e353      0x1b6 cmake/stm32cubemx/CMakeFiles/STM32_Drivers.dir/__/__/Drivers/STM32F4xx_HAL_Driver/Src/stm32f4xx_hal_gpio.c.obj
 .debug_macro   0x0001e509      0x1b0 cmake/stm32cubemx/CMakeFiles/STM32_Drivers.dir/__/__/Drivers/STM32F4xx_HAL_Driver/Src/stm32f4xx_hal_cortex.c.obj
 .debug_macro   0x0001e6b9      0x210 cmake/stm32cubemx/CMakeFiles/STM32_Drivers.dir/__/__/Drivers/STM32F4xx_HAL_Driver/Src/stm32f4xx_hal.c.obj
 .debug_macro   0x0001e8c9      0x1ba CMakeFiles/prj919.dir/Core/Src/main.c.obj
 .debug_macro   0x0001ea83      0x1c4 CMakeFiles/prj919.dir/Core/Src/stm32f4xx_it.c.obj
 .debug_macro   0x0001ec47      0x1ba CMakeFiles/prj919.dir/Core/Src/stm32f4xx_hal_msp.c.obj

.debug_line     0x00000000     0x482b
 .debug_line    0x00000000      0x6ae cmake/stm32cubemx/CMakeFiles/STM32_Drivers.dir/__/__/Core/Src/system_stm32f4xx.c.obj
 .debug_line    0x000006ae      0xd39 cmake/stm32cubemx/CMakeFiles/STM32_Drivers.dir/__/__/Drivers/STM32F4xx_HAL_Driver/Src/stm32f4xx_hal_rcc.c.obj
 .debug_line    0x000013e7      0xa82 cmake/stm32cubemx/CMakeFiles/STM32_Drivers.dir/__/__/Drivers/STM32F4xx_HAL_Driver/Src/stm32f4xx_hal_gpio.c.obj
 .debug_line    0x00001e69      0xbfa cmake/stm32cubemx/CMakeFiles/STM32_Drivers.dir/__/__/Drivers/STM32F4xx_HAL_Driver/Src/stm32f4xx_hal_cortex.c.obj
 .debug_line    0x00002a63      0x92a cmake/stm32cubemx/CMakeFiles/STM32_Drivers.dir/__/__/Drivers/STM32F4xx_HAL_Driver/Src/stm32f4xx_hal.c.obj
 .debug_line    0x0000338d      0x6ec CMakeFiles/prj919.dir/Core/Src/main.c.obj
 .debug_line    0x00003a79      0x700 CMakeFiles/prj919.dir/Core/Src/stm32f4xx_it.c.obj
 .debug_line    0x00004179      0x638 CMakeFiles/prj919.dir/Core/Src/stm32f4xx_hal_msp.c.obj
 .debug_line    0x000047b1       0x7a CMakeFiles/prj919.dir/startup_stm32f407xx.s.obj

.debug_str      0x00000000    0xbc4c8
 .debug_str     0x00000000    0xbc4c8 cmake/stm32cubemx/CMakeFiles/STM32_Drivers.dir/__/__/Core/Src/system_stm32f4xx.c.obj
                              0xbb0f6 (size before relaxing)
 .debug_str     0x000bc4c8    0xbb52a cmake/stm32cubemx/CMakeFiles/STM32_Drivers.dir/__/__/Drivers/STM32F4xx_HAL_Driver/Src/stm32f4xx_hal_rcc.c.obj
 .debug_str     0x000bc4c8    0xbb271 cmake/stm32cubemx/CMakeFiles/STM32_Drivers.dir/__/__/Drivers/STM32F4xx_HAL_Driver/Src/stm32f4xx_hal_gpio.c.obj
 .debug_str     0x000bc4c8    0xbb9f6 cmake/stm32cubemx/CMakeFiles/STM32_Drivers.dir/__/__/Drivers/STM32F4xx_HAL_Driver/Src/stm32f4xx_hal_cortex.c.obj
 .debug_str     0x000bc4c8    0xbbc7a cmake/stm32cubemx/CMakeFiles/STM32_Drivers.dir/__/__/Drivers/STM32F4xx_HAL_Driver/Src/stm32f4xx_hal.c.obj
 .debug_str     0x000bc4c8    0xbb809 CMakeFiles/prj919.dir/Core/Src/main.c.obj
 .debug_str     0x000bc4c8    0xbb063 CMakeFiles/prj919.dir/Core/Src/stm32f4xx_it.c.obj
 .debug_str     0x000bc4c8    0xbb046 CMakeFiles/prj919.dir/Core/Src/stm32f4xx_hal_msp.c.obj
 .debug_str     0x000bc4c8       0x5a CMakeFiles/prj919.dir/startup_stm32f407xx.s.obj

.debug_frame    0x00000000      0xea4
 .debug_frame   0x00000000       0x58 cmake/stm32cubemx/CMakeFiles/STM32_Drivers.dir/__/__/Core/Src/system_stm32f4xx.c.obj
 .debug_frame   0x00000058      0x1f4 cmake/stm32cubemx/CMakeFiles/STM32_Drivers.dir/__/__/Drivers/STM32F4xx_HAL_Driver/Src/stm32f4xx_hal_rcc.c.obj
 .debug_frame   0x0000024c      0x14c cmake/stm32cubemx/CMakeFiles/STM32_Drivers.dir/__/__/Drivers/STM32F4xx_HAL_Driver/Src/stm32f4xx_hal_gpio.c.obj
 .debug_frame   0x00000398      0x508 cmake/stm32cubemx/CMakeFiles/STM32_Drivers.dir/__/__/Drivers/STM32F4xx_HAL_Driver/Src/stm32f4xx_hal_cortex.c.obj
 .debug_frame   0x000008a0      0x374 cmake/stm32cubemx/CMakeFiles/STM32_Drivers.dir/__/__/Drivers/STM32F4xx_HAL_Driver/Src/stm32f4xx_hal.c.obj
 .debug_frame   0x00000c14       0x8c CMakeFiles/prj919.dir/Core/Src/main.c.obj
 .debug_frame   0x00000ca0      0x120 CMakeFiles/prj919.dir/Core/Src/stm32f4xx_it.c.obj
 .debug_frame   0x00000dc0       0x38 CMakeFiles/prj919.dir/Core/Src/stm32f4xx_hal_msp.c.obj
 .debug_frame   0x00000df8       0x2c D:/f/arm-gnu-toolchain-13.3.rel1-mingw-w64-i686-arm-none-eabi/arm-gnu-toolchain-13.3.rel1-mingw-w64-i686-arm-none-eabi/bin/../lib/gcc/arm-none-eabi/13.3.1/thumb/v7e-m+fp/hard\libgcc.a(_aeabi_uldivmod.o)
 .debug_frame   0x00000e24       0x34 D:/f/arm-gnu-toolchain-13.3.rel1-mingw-w64-i686-arm-none-eabi/arm-gnu-toolchain-13.3.rel1-mingw-w64-i686-arm-none-eabi/bin/../lib/gcc/arm-none-eabi/13.3.1/thumb/v7e-m+fp/hard\libgcc.a(_udivmoddi4.o)
 .debug_frame   0x00000e58       0x20 D:/f/arm-gnu-toolchain-13.3.rel1-mingw-w64-i686-arm-none-eabi/arm-gnu-toolchain-13.3.rel1-mingw-w64-i686-arm-none-eabi/bin/../lib/gcc/arm-none-eabi/13.3.1/thumb/v7e-m+fp/hard\libg_nano.a(libc_a-memset.o)
 .debug_frame   0x00000e78       0x2c D:/f/arm-gnu-toolchain-13.3.rel1-mingw-w64-i686-arm-none-eabi/arm-gnu-toolchain-13.3.rel1-mingw-w64-i686-arm-none-eabi/bin/../lib/gcc/arm-none-eabi/13.3.1/thumb/v7e-m+fp/hard\libg_nano.a(libc_a-init.o)

.debug_line_str
                0x00000000      0x113
 .debug_line_str
                0x00000000      0x113 CMakeFiles/prj919.dir/startup_stm32f407xx.s.obj
                                 0x3e (size before relaxing)
 .debug_line_str
                0x00000113       0xc9 D:/f/arm-gnu-toolchain-13.3.rel1-mingw-w64-i686-arm-none-eabi/arm-gnu-toolchain-13.3.rel1-mingw-w64-i686-arm-none-eabi/bin/../lib/gcc/arm-none-eabi/13.3.1/thumb/v7e-m+fp/hard\libgcc.a(_aeabi_uldivmod.o)
 .debug_line_str
                0x00000113       0xcd D:/f/arm-gnu-toolchain-13.3.rel1-mingw-w64-i686-arm-none-eabi/arm-gnu-toolchain-13.3.rel1-mingw-w64-i686-arm-none-eabi/bin/../lib/gcc/arm-none-eabi/13.3.1/thumb/v7e-m+fp/hard\libgcc.a(_dvmd_tls.o)
